node:internal/modules/run_main:107
    triggerUncaughtException(
    ^

AssertionError [ERR_ASSERTION]: Body nominal dimension mismatch

'failed' !== 'passed'

    at file:///home/hesh913/fiero-3d-manual/scripts/audit-body-dimensions.mjs:54:21 {
  generatedMessage: false,
  code: 'ERR_ASSERTION',
  actual: 'failed',
  expected: 'passed',
  operator: 'strictEqual',
  diff: 'simple'
}

Node.js v24.13.1
Error: Command failed: /home/hesh913/.nvm/versions/node/v24.13.1/bin/node scripts/audit-body-dimensions.mjs
node:internal/modules/run_main:107
    triggerUncaughtException(
    ^

AssertionError [ERR_ASSERTION]: Body nominal dimension mismatch

'failed' !== 'passed'

    at file:///home/hesh913/fiero-3d-manual/scripts/audit-body-dimensions.mjs:54:21 {
  generatedMessage: false,
  code: 'ERR_ASSERTION',
  actual: 'failed',
  expected: 'passed',
  operator: 'strictEqual',
  diff: 'simple'
}

Node.js v24.13.1
